
> onnrides@0.1.0 build
> next build

node.exe :  ΓÜá You 
are using a 
non-standard 
"NODE_ENV" value in 
your environment. 
This creates 
inconsistencies in 
the project and is 
strongly advised 
against. Read more: h
ttps://nextjs.org/doc
s/messages/non-standa
rd-node-env
At line:1 char:1
+ & "C:\Program Files
\nodejs/node.exe" 
"C:\Program 
Files\nodejs/node_mo 
...
+ ~~~~~~~~~~~~~~~~~~~
~~~~~~~~~~~~~~~~~~~~~
~~~~~~~~~~~~~~~~~~~~~
~~~~~~~~
    + CategoryInfo   
           : NotSpe  
  cified: ( ΓÜá Yo   
 u are us...andar    
d-node-env:Strin    
g) [], RemoteExc    
eption
    + FullyQualified 
   ErrorId : Native  
  CommandError
 
  Γû▓ Next.js 14.2.3
  - Environments: .env

   Creating an optimized production build ...
 Γ£ô Compiled successfully
   Skipping validation of types
   Skipping linting
   Collecting page data ...
Error: Missing 
required environment 
variables: 
SMTP_USER, SMTP_PASS
    at 43012 (D:\onnr
ides\.next\server\app
\api\payment\verify\r
oute.js:65:2959)
    at t (D:\onnrides
\.next\server\webpack
-runtime.js:1:143)
    at 42184 (D:\onnr
ides\.next\server\app
\api\payment\verify\r
oute.js:1:2017)
    at t (D:\onnrides
\.next\server\webpack
-runtime.js:1:143)
    at r (D:\onnrides
\.next\server\app\api
\payment\verify\route
.js:65:8544)
    at D:\onnrides\.n
ext\server\app\api\pa
yment\verify\route.js
:65:8626
    at t.X (D:\onnrid
es\.next\server\webpa
ck-runtime.js:1:1285)
    at D:\onnrides\.n
ext\server\app\api\pa
yment\verify\route.js
:65:8557
    at 
Object.<anonymous> (D
:\onnrides\.next\serv
er\app\api\payment\ve
rify\route.js:65:8654
)
    at 
Module._compile (node
:internal/modules/cjs
/loader:1760:14)

> Build error 
occurred
Error: Failed to 
collect page data 
for 
/api/payment/verify
    at D:\onnrides\no
de_modules\next\dist\
build\utils.js:1268:1
5
    at process.proces
sTicksAndRejections (
node:internal/process
/task_queues:105:5) {
  type: 'Error'
}
