app/(main)/ClientLayout.tsx(8,24): error TS2307: Cannot find module '@/components/ui/footer' or its corresponding type declarations.
app/(main)/ClientLayout.tsx(41,14): error TS2741: Property 'children' is missing in type '{}' but required in type '{ children: ReactNode; }'.
app/(main)/vehicles/VehicleDetailsClient.tsx(86,27): error TS2339: Property 'mileage' does not exist on type 'Vehicle'.
app/(main)/vehicles/VehicleDetailsClient.tsx(95,58): error TS2551: Property 'price_per_day' does not exist on type 'Vehicle'. Did you mean 'price_7_days'?
app/admin/coupons/components/EditCouponModal.tsx(154,33): error TS7006: Parameter 'value' implicitly has an 'any' type.
app/admin/users/components/UserDetailsModal.tsx(389,47): error TS2551: Property 'is_blocked' does not exist on type 'User'. Did you mean 'isBlocked'?
app/admin/users/components/UserDetailsModal.tsx(399,34): error TS2551: Property 'is_blocked' does not exist on type 'User'. Did you mean 'isBlocked'?
app/admin/users/components/UserDetailsModal.tsx(465,58): error TS2551: Property 'created_at' does not exist on type 'User'. Did you mean 'createdAt'?
app/admin/users/components/UserDetailsModal.tsx(666,21): error TS2551: Property 'is_blocked' does not exist on type 'User'. Did you mean 'isBlocked'?
app/admin/users/components/UserDetailsModal.tsx(669,21): error TS2551: Property 'is_blocked' does not exist on type 'User'. Did you mean 'isBlocked'?
app/admin/users/components/UserDetailsModal.tsx(681,31): error TS2551: Property 'is_blocked' does not exist on type 'User'. Did you mean 'isBlocked'?
app/admin/users/components/UserDetailsModal.tsx(689,25): error TS2551: Property 'is_blocked' does not exist on type 'User'. Did you mean 'isBlocked'?
app/admin/users/components/UserDetailsModal.tsx(692,22): error TS2551: Property 'is_blocked' does not exist on type 'User'. Did you mean 'isBlocked'?
app/admin/whatsapp/page.tsx(68,15): error TS2339: Property 'info' does not exist on type 'typeof toast'.
app/api/admin/bookings/history/route.ts(73,38): error TS7006: Parameter 'booking' implicitly has an 'any' type.
app/api/admin/create/route.ts(3,10): error TS2305: Module '"@/lib/db"' has no exported member 'findUserByEmail'.
app/api/admin/create/route.ts(3,27): error TS2305: Module '"@/lib/db"' has no exported member 'createUser'.
app/api/admin/debug/route.ts(2,10): error TS2305: Module '"@/lib/auth"' has no exported member 'getCurrentUser'.
app/api/admin/documents/[documentId]/route.ts(4,10): error TS2305: Module '"@/lib/auth"' has no exported member 'getCurrentUser'.
app/api/admin/documents/[documentId]/route.ts(64,52): error TS7006: Parameter 'doc' implicitly has an 'any' type.
app/api/admin/migrate/route.ts(6,10): error TS2305: Module '"@/lib/auth"' has no exported member 'getCurrentUser'.
app/api/admin/migrations/route.ts(4,10): error TS2305: Module '"@/lib/auth"' has no exported member 'getCurrentUser'.
app/api/admin/migrations/route.ts(19,16): error TS2345: Argument of type 'TemplateStringsArray' is not assignable to parameter of type 'string'.
app/api/admin/migrations/route.ts(28,16): error TS2345: Argument of type 'TemplateStringsArray' is not assignable to parameter of type 'string'.
app/api/admin/migrations/route.ts(37,16): error TS2345: Argument of type 'TemplateStringsArray' is not assignable to parameter of type 'string'.
app/api/admin/reports/route.ts(57,8): error TS2339: Property 'select' does not exist on type '(text: string, params?: any[] | undefined) => Promise<any>'.
app/api/admin/reports/route.ts(58,25): error TS2304: Cannot find name 'count'.
app/api/admin/reports/route.ts(59,24): error TS2304: Cannot find name 'sql'.
app/api/admin/reports/route.ts(59,56): error TS2304: Cannot find name 'bookings'.
app/api/admin/reports/route.ts(61,13): error TS2304: Cannot find name 'bookings'.
app/api/admin/reports/route.ts(68,8): error TS2339: Property 'select' does not exist on type '(text: string, params?: any[] | undefined) => Promise<any>'.
app/api/admin/reports/route.ts(68,24): error TS2304: Cannot find name 'count'.
app/api/admin/reports/route.ts(69,13): error TS2552: Cannot find name 'users'. Did you mean 'user'?
app/api/admin/reports/route.ts(74,8): error TS2339: Property 'select' does not exist on type '(text: string, params?: any[] | undefined) => Promise<any>'.
app/api/admin/reports/route.ts(74,24): error TS2304: Cannot find name 'count'.
app/api/admin/reports/route.ts(75,13): error TS2304: Cannot find name 'vehicles'.
app/api/admin/reports/route.ts(80,8): error TS2339: Property 'select' does not exist on type '(text: string, params?: any[] | undefined) => Promise<any>'.
app/api/admin/reports/route.ts(80,24): error TS2304: Cannot find name 'count'.
app/api/admin/reports/route.ts(81,13): error TS2304: Cannot find name 'documents'.
app/api/admin/reports/route.ts(82,14): error TS2304: Cannot find name 'eq'.
app/api/admin/reports/route.ts(82,17): error TS2304: Cannot find name 'documents'.
app/api/admin/reports/route.ts(87,8): error TS2339: Property 'select' does not exist on type '(text: string, params?: any[] | undefined) => Promise<any>'.
app/api/admin/reports/route.ts(88,16): error TS2304: Cannot find name 'sql'.
app/api/admin/reports/route.ts(88,38): error TS2304: Cannot find name 'bookings'.
app/api/admin/reports/route.ts(89,18): error TS2304: Cannot find name 'sql'.
app/api/admin/reports/route.ts(89,50): error TS2304: Cannot find name 'bookings'.
app/api/admin/reports/route.ts(91,13): error TS2304: Cannot find name 'bookings'.
app/api/admin/reports/route.ts(92,14): error TS2304: Cannot find name 'sql'.
app/api/admin/reports/route.ts(92,20): error TS2304: Cannot find name 'bookings'.
app/api/admin/reports/route.ts(93,16): error TS2304: Cannot find name 'sql'.
app/api/admin/reports/route.ts(93,30): error TS2304: Cannot find name 'bookings'.
app/api/admin/reports/route.ts(94,16): error TS2304: Cannot find name 'sql'.
app/api/admin/reports/route.ts(96,50): error TS7006: Parameter 'row' implicitly has an 'any' type.
app/api/admin/reports/route.ts(103,8): error TS2339: Property 'select' does not exist on type '(text: string, params?: any[] | undefined) => Promise<any>'.
app/api/admin/reports/route.ts(104,15): error TS2304: Cannot find name 'vehicles'.
app/api/admin/reports/route.ts(105,16): error TS2304: Cannot find name 'count'.
app/api/admin/reports/route.ts(107,13): error TS2304: Cannot find name 'vehicles'.
app/api/admin/reports/route.ts(108,16): error TS2304: Cannot find name 'vehicles'.
app/api/admin/reports/route.ts(109,16): error TS2304: Cannot find name 'sql'.
app/api/admin/reports/route.ts(111,53): error TS7006: Parameter 'row' implicitly has an 'any' type.
app/api/admin/users/[userId]/bookings/route.ts(4,10): error TS2305: Module '"@/lib/auth"' has no exported member 'getCurrentUser'.
app/api/admin/users/[userId]/documents/route.ts(53,34): error TS7006: Parameter 'doc' implicitly has an 'any' type.
app/api/admin/users/[userId]/documents/route.ts(62,39): error TS7006: Parameter 'doc' implicitly has an 'any' type.
app/api/admin/users/[userId]/documents/route.ts(145,54): error TS7006: Parameter 'doc' implicitly has an 'any' type.
app/api/admin/users/[userId]/notify/route.ts(46,35): error TS2341: Property 'sendMessage' is private and only accessible within class 'WhatsAppService'.
app/api/admin/users/[userId]/notify/route.ts(46,58): error TS2554: Expected 1 arguments, but got 2.
app/api/admin/whatsapp/send/route.ts(34,29): error TS2341: Property 'sendMessage' is private and only accessible within class 'WhatsAppService'.
app/api/admin/whatsapp/send/route.ts(34,45): error TS2554: Expected 1 arguments, but got 2.
app/api/admin/whatsapp/status/route.ts(20,36): error TS2339: Property 'getInitializationStatus' does not exist on type 'WhatsAppService'.
app/api/bookings/[bookingId]/payment/route.ts(33,34): error TS2339: Property 'orders' does not exist on type 'typeof Razorpay'.
app/api/email/send/route.ts(11,33): error TS2339: Property 'getInitializationStatus' does not exist on type 'EmailService'.
app/api/payments/route.ts(4,10): error TS2305: Module '"@/lib/auth"' has no exported member 'getCurrentUser'.
app/api/payments/success/route.ts(22,33): error TS2558: Expected 0 type arguments, but got 1.
app/api/test/email/route.ts(43,33): error TS2339: Property 'getInitializationStatus' does not exist on type 'EmailService'.
app/api/user/change-password/route.ts(2,23): error TS2305: Module '"@/lib/auth"' has no exported member 'comparePasswords'.
app/api/user/change-password/route.ts(2,41): error TS2305: Module '"@/lib/auth"' has no exported member 'hashPassword'.
app/api/user/documents/submit/route.ts(3,10): error TS2305: Module '"@/lib/auth"' has no exported member 'getCurrentUser'.
app/lib/auth.ts(11,5): error TS2717: Subsequent property declarations must have the same type.  Property 'role' must be of type 'string', but here has type '"admin" | "user"'.
app/lib/auth.ts(22,5): error TS2717: Subsequent property declarations must have the same type.  Property 'role' must be of type 'string', but here has type '"admin" | "user"'.
app/lib/logger.ts(1,8): error TS2395: Individual declarations in merged declaration 'logger' must be all exported or all local.
app/lib/logger.ts(1,8): error TS2440: Import declaration conflicts with local declaration of 'logger'.
app/lib/logger.ts(48,14): error TS2395: Individual declarations in merged declaration 'logger' must be all exported or all local.
components/providers/toast-provider.tsx(4,15): error TS2724: '"@/components/ui/toast"' has no exported member named 'ToastState'. Did you mean 'ToastTitle'?
components/testimonials-with-marquee.tsx(2,10): error TS2614: Module '"@/components/ui/testimonial-card"' has no exported member 'TestimonialCard'. Did you mean to use 'import TestimonialCard from "@/components/ui/testimonial-card"' instead?
components/testimonials-with-marquee.tsx(2,27): error TS2614: Module '"@/components/ui/testimonial-card"' has no exported member 'TestimonialAuthor'. Did you mean to use 'import TestimonialAuthor from "@/components/ui/testimonial-card"' instead?
components/ui/toaster.tsx(14,11): error TS2339: Property 'toasts' does not exist on type '{ toast: (props: Toast) => void; }'.
components/ui/toaster.tsx(18,31): error TS7031: Binding element 'id' implicitly has an 'any' type.
components/ui/toaster.tsx(18,35): error TS7031: Binding element 'title' implicitly has an 'any' type.
components/ui/toaster.tsx(18,42): error TS7031: Binding element 'description' implicitly has an 'any' type.
components/ui/toaster.tsx(18,55): error TS7031: Binding element 'action' implicitly has an 'any' type.
hooks/use-toast.ts(6,15): error TS2724: '"@/components/ui/toast"' has no exported member named 'ToastState'. Did you mean 'ToastTitle'?
lib/auth/utils.ts(41,7): error TS2561: Object literal may only specify known properties, but 'created_at' does not exist in type 'User'. Did you mean to write 'createdAt'?
lib/auth/utils.ts(65,7): error TS2561: Object literal may only specify known properties, but 'created_at' does not exist in type 'User'. Did you mean to write 'createdAt'?
lib/email/index.ts(2,3): error TS2305: Module '"@/app/lib/whatsapp/service"' has no exported member 'sendBookingConfirmationEmail'.
lib/email/index.ts(3,3): error TS2305: Module '"@/app/lib/whatsapp/service"' has no exported member 'sendPasswordResetEmail'.
lib/email/index.ts(4,3): error TS2305: Module '"@/app/lib/whatsapp/service"' has no exported member 'sendWelcomeEmail'.
lib/notifications.ts(24,7): error TS2353: Object literal may only specify known properties, and 'iconTheme' does not exist in type 'ToastOptions'.
lib/notifications.ts(41,7): error TS2353: Object literal may only specify known properties, and 'iconTheme' does not exist in type 'ToastOptions'.
lib/types/auth.ts(34,5): error TS2717: Subsequent property declarations must have the same type.  Property 'role' must be of type 'string', but here has type 'UserRole'.
lib/whatsapp/notification-worker.ts(87,36): error TS2341: Property 'sendMessage' is private and only accessible within class 'WhatsAppService'.
lib/whatsapp/notification-worker.ts(89,13): error TS2554: Expected 1 arguments, but got 2.
scripts/create-admin-password.ts(7,36): error TS2304: Cannot find name 'hash'.
scripts/generate-sitemap.ts(1,10): error TS2614: Module '"../lib/db"' has no exported member 'db'. Did you mean to use 'import db from "../lib/db"' instead?
scripts/generate-sitemap.ts(38,53): error TS7006: Parameter 'vehicle' implicitly has an 'any' type.
scripts/generate-sitemap.ts(54,16): error TS7006: Parameter 'loc' implicitly has an 'any' type.
scripts/generate-sitemap.ts(55,16): error TS7006: Parameter 'value' implicitly has an 'any' type.
scripts/generate-sitemap.ts(55,23): error TS7006: Parameter 'index' implicitly has an 'any' type.
scripts/generate-sitemap.ts(55,30): error TS7006: Parameter 'self' implicitly has an 'any' type.
scripts/generate-sitemap.ts(56,12): error TS7006: Parameter 'location' implicitly has an 'any' type.
scripts/send-test-message.ts(10,30): error TS2339: Property 'getInitializationStatus' does not exist on type 'WhatsAppService'.
scripts/send-test-message.ts(16,31): error TS2341: Property 'sendMessage' is private and only accessible within class 'WhatsAppService'.
scripts/send-test-message.ts(18,13): error TS2554: Expected 1 arguments, but got 2.
